iter=1000 | depth=12 | max queue size=58677 | num goal tests=87651 | fn=18
iter=2000 | depth=12 | max queue size=115243 | num goal tests=175860 | fn=18
iter=3000 | depth=12 | max queue size=171450 | num goal tests=263097 | fn=18
iter=4000 | depth=12 | max queue size=227177 | num goal tests=351315 | fn=18
iter=5000 | depth=13 | max queue size=282886 | num goal tests=439164 | fn=18
iter=6000 | depth=13 | max queue size=336988 | num goal tests=527184 | fn=18
iter=7000 | depth=13 | max queue size=389894 | num goal tests=614070 | fn=18
iter=8000 | depth=13 | max queue size=439200 | num goal tests=699615 | fn=18
iter=9000 | depth=13 | max queue size=493165 | num goal tests=786546 | fn=18
iter=10000 | depth=13 | max queue size=543305 | num goal tests=874287 | fn=18
iter=11000 | depth=13 | max queue size=589542 | num goal tests=960435 | fn=18
iter=12000 | depth=13 | max queue size=634833 | num goal tests=1047276 | fn=18
iter=13000 | depth=13 | max queue size=681724 | num goal tests=1133694 | fn=18
iter=14000 | depth=13 | max queue size=728540 | num goal tests=1219950 | fn=18
iter=15000 | depth=18 | max queue size=781734 | num goal tests=1306710 | fn=18
iter=16000 | depth=18 | max queue size=832607 | num goal tests=1392822 | fn=18
iter=17000 | depth=18 | max queue size=881421 | num goal tests=1479456 | fn=18
iter=18000 | depth=18 | max queue size=929318 | num goal tests=1566702 | fn=18
iter=19000 | depth=18 | max queue size=975035 | num goal tests=1654173 | fn=18
iter=20000 | depth=18 | max queue size=1020709 | num goal tests=1741194 | fn=18
iter=21000 | depth=18 | max queue size=1062512 | num goal tests=1827900 | fn=18
iter=22000 | depth=18 | max queue size=1101825 | num goal tests=1914822 | fn=18
iter=23000 | depth=18 | max queue size=1144053 | num goal tests=2002032 | fn=18
iter=24000 | depth=18 | max queue size=1191774 | num goal tests=2090025 | fn=18
iter=25000 | depth=18 | max queue size=1238057 | num goal tests=2177289 | fn=18
iter=26000 | depth=18 | max queue size=1280629 | num goal tests=2264778 | fn=18
iter=27000 | depth=18 | max queue size=1320998 | num goal tests=2352474 | fn=18
iter=28000 | depth=18 | max queue size=1359418 | num goal tests=2440422 | fn=18
iter=29000 | depth=18 | max queue size=1396884 | num goal tests=2528190 | fn=18
iter=30000 | depth=18 | max queue size=1451259 | num goal tests=2614653 | fn=19
iter=31000 | depth=18 | max queue size=1503332 | num goal tests=2700567 | fn=19
iter=32000 | depth=18 | max queue size=1552797 | num goal tests=2786166 | fn=19
iter=33000 | depth=18 | max queue size=1602567 | num goal tests=2871864 | fn=19
iter=34000 | depth=18 | max queue size=1652344 | num goal tests=2957031 | fn=19
iter=35000 | depth=18 | max queue size=1704824 | num goal tests=3043755 | fn=19
iter=36000 | depth=18 | max queue size=1756407 | num goal tests=3129192 | fn=19
iter=37000 | depth=18 | max queue size=1807146 | num goal tests=3214899 | fn=19
iter=38000 | depth=18 | max queue size=1858357 | num goal tests=3300705 | fn=19
iter=39000 | depth=18 | max queue size=1910385 | num goal tests=3386925 | fn=19
iter=40000 | depth=18 | max queue size=1962177 | num goal tests=3473028 | fn=19
iter=41000 | depth=18 | max queue size=2014322 | num goal tests=3558996 | fn=19
iter=42000 | depth=18 | max queue size=2065761 | num goal tests=3644307 | fn=19
iter=43000 | depth=18 | max queue size=2121297 | num goal tests=3731499 | fn=19
iter=44000 | depth=18 | max queue size=2169286 | num goal tests=3817647 | fn=19
iter=45000 | depth=18 | max queue size=2220629 | num goal tests=3904029 | fn=19
iter=46000 | depth=18 | max queue size=2271717 | num goal tests=3989583 | fn=19
iter=47000 | depth=18 | max queue size=2324502 | num goal tests=4075416 | fn=19
iter=48000 | depth=18 | max queue size=2377673 | num goal tests=4162617 | fn=19
iter=49000 | depth=18 | max queue size=2428011 | num goal tests=4248819 | fn=19
iter=50000 | depth=18 | max queue size=2478072 | num goal tests=4336047 | fn=19
iter=51000 | depth=18 | max queue size=2528401 | num goal tests=4423824 | fn=19
iter=52000 | depth=18 | max queue size=2577449 | num goal tests=4510782 | fn=19
iter=53000 | depth=18 | max queue size=2631219 | num goal tests=4597749 | fn=19
iter=54000 | depth=18 | max queue size=2680186 | num goal tests=4684689 | fn=19
iter=55000 | depth=18 | max queue size=2732459 | num goal tests=4770405 | fn=19
iter=56000 | depth=18 | max queue size=2782941 | num goal tests=4856175 | fn=19
iter=57000 | depth=18 | max queue size=2830632 | num goal tests=4942170 | fn=19
iter=58000 | depth=18 | max queue size=2881810 | num goal tests=5029983 | fn=19
iter=59000 | depth=18 | max queue size=2933494 | num goal tests=5116716 | fn=19
iter=60000 | depth=18 | max queue size=2983044 | num goal tests=5202693 | fn=19
iter=61000 | depth=18 | max queue size=3031278 | num goal tests=5288778 | fn=19
iter=62000 | depth=18 | max queue size=3078270 | num goal tests=5374791 | fn=19
iter=63000 | depth=18 | max queue size=3128533 | num goal tests=5459940 | fn=19
iter=64000 | depth=18 | max queue size=3174431 | num goal tests=5543298 | fn=19
iter=65000 | depth=18 | max queue size=3224489 | num goal tests=5630481 | fn=19
iter=66000 | depth=18 | max queue size=3273197 | num goal tests=5716368 | fn=19
iter=67000 | depth=18 | max queue size=3322694 | num goal tests=5803686 | fn=19
iter=68000 | depth=18 | max queue size=3373646 | num goal tests=5891049 | fn=19
iter=69000 | depth=18 | max queue size=3422946 | num goal tests=5977872 | fn=19
iter=70000 | depth=18 | max queue size=3470254 | num goal tests=6063516 | fn=19
iter=71000 | depth=18 | max queue size=3521658 | num goal tests=6149088 | fn=19
iter=72000 | depth=18 | max queue size=3573987 | num goal tests=6235911 | fn=19
iter=73000 | depth=18 | max queue size=3624532 | num goal tests=6322518 | fn=19
iter=74000 | depth=18 | max queue size=3675305 | num goal tests=6409179 | fn=19
iter=75000 | depth=18 | max queue size=3724656 | num goal tests=6495003 | fn=19
iter=76000 | depth=18 | max queue size=3770763 | num goal tests=6579945 | fn=19
iter=77000 | depth=18 | max queue size=3818684 | num goal tests=6665985 | fn=19
iter=78000 | depth=18 | max queue size=3867264 | num goal tests=6752682 | fn=19
iter=79000 | depth=18 | max queue size=3916008 | num goal tests=6837444 | fn=19
iter=80000 | depth=18 | max queue size=3968560 | num goal tests=6923322 | fn=19
iter=81000 | depth=18 | max queue size=4018828 | num goal tests=7007283 | fn=19
iter=82000 | depth=19 | max queue size=4075707 | num goal tests=7093872 | fn=19
iter=83000 | depth=19 | max queue size=4129506 | num goal tests=7179354 | fn=19
iter=84000 | depth=19 | max queue size=4181938 | num goal tests=7265592 | fn=19
iter=85000 | depth=19 | max queue size=4231040 | num goal tests=7350435 | fn=19
iter=86000 | depth=19 | max queue size=4282162 | num goal tests=7437438 | fn=19
iter=87000 | depth=19 | max queue size=4331633 | num goal tests=7524765 | fn=19
iter=88000 | depth=19 | max queue size=4381244 | num goal tests=7611417 | fn=19
iter=89000 | depth=19 | max queue size=4432822 | num goal tests=7698105 | fn=19
iter=90000 | depth=19 | max queue size=4481842 | num goal tests=7783488 | fn=19
iter=91000 | depth=19 | max queue size=4534161 | num goal tests=7869474 | fn=19
iter=92000 | depth=19 | max queue size=4585088 | num goal tests=7956315 | fn=19
iter=93000 | depth=19 | max queue size=4633368 | num goal tests=8043390 | fn=19
iter=94000 | depth=19 | max queue size=4681099 | num goal tests=8130987 | fn=19
iter=95000 | depth=19 | max queue size=4729835 | num goal tests=8218791 | fn=19
iter=96000 | depth=19 | max queue size=4780053 | num goal tests=8306361 | fn=19
iter=97000 | depth=19 | max queue size=4827245 | num goal tests=8393139 | fn=19
iter=98000 | depth=19 | max queue size=4875104 | num goal tests=8480493 | fn=19
iter=99000 | depth=19 | max queue size=4927846 | num goal tests=8567253 | fn=19
Failure, max iterations reached | iter=100000 | depth=19 | max queue size=4975062 | num goal tests=8652141
