iter=1000 | depth=6 | max queue size=9392 | num goal tests=19316 | fn=23
iter=2000 | depth=7 | max queue size=17457 | num goal tests=38568 | fn=23
iter=3000 | depth=10 | max queue size=25888 | num goal tests=57812 | fn=24
iter=4000 | depth=10 | max queue size=35215 | num goal tests=76912 | fn=24
iter=5000 | depth=10 | max queue size=44288 | num goal tests=96132 | fn=24
iter=6000 | depth=10 | max queue size=52999 | num goal tests=115336 | fn=24
iter=7000 | depth=11 | max queue size=61351 | num goal tests=134428 | fn=24
iter=8000 | depth=11 | max queue size=69240 | num goal tests=153516 | fn=24
iter=9000 | depth=11 | max queue size=77116 | num goal tests=172576 | fn=24
iter=10000 | depth=11 | max queue size=84921 | num goal tests=191668 | fn=24
iter=11000 | depth=11 | max queue size=92031 | num goal tests=210664 | fn=24
iter=12000 | depth=11 | max queue size=98801 | num goal tests=229584 | fn=24
iter=13000 | depth=11 | max queue size=106228 | num goal tests=248676 | fn=24
iter=14000 | depth=12 | max queue size=113491 | num goal tests=267576 | fn=24
iter=15000 | depth=12 | max queue size=120803 | num goal tests=286548 | fn=24
iter=16000 | depth=12 | max queue size=128178 | num goal tests=305868 | fn=24
iter=17000 | depth=12 | max queue size=134909 | num goal tests=324996 | fn=24
iter=18000 | depth=12 | max queue size=141950 | num goal tests=343988 | fn=24
iter=19000 | depth=12 | max queue size=148602 | num goal tests=362916 | fn=24
iter=20000 | depth=12 | max queue size=154610 | num goal tests=381724 | fn=24
iter=21000 | depth=12 | max queue size=161131 | num goal tests=400796 | fn=24
iter=22000 | depth=12 | max queue size=167787 | num goal tests=419992 | fn=24
iter=23000 | depth=12 | max queue size=175604 | num goal tests=438848 | fn=25
iter=24000 | depth=12 | max queue size=184934 | num goal tests=457904 | fn=25
iter=25000 | depth=12 | max queue size=193700 | num goal tests=476940 | fn=25
iter=26000 | depth=12 | max queue size=202819 | num goal tests=495808 | fn=25
iter=27000 | depth=12 | max queue size=211723 | num goal tests=514760 | fn=25
iter=28000 | depth=12 | max queue size=220564 | num goal tests=533744 | fn=25
iter=29000 | depth=12 | max queue size=229358 | num goal tests=552824 | fn=25
iter=30000 | depth=12 | max queue size=238031 | num goal tests=571636 | fn=25
iter=31000 | depth=12 | max queue size=246609 | num goal tests=590684 | fn=25
iter=32000 | depth=12 | max queue size=255460 | num goal tests=609836 | fn=25
iter=33000 | depth=12 | max queue size=264102 | num goal tests=628960 | fn=25
iter=34000 | depth=12 | max queue size=272396 | num goal tests=647820 | fn=25
iter=35000 | depth=12 | max queue size=280665 | num goal tests=666636 | fn=25
iter=36000 | depth=12 | max queue size=288948 | num goal tests=685548 | fn=25
iter=37000 | depth=12 | max queue size=297220 | num goal tests=704256 | fn=25
iter=38000 | depth=12 | max queue size=305805 | num goal tests=723260 | fn=25
iter=39000 | depth=12 | max queue size=314139 | num goal tests=742376 | fn=25
iter=40000 | depth=12 | max queue size=322416 | num goal tests=761304 | fn=25
iter=41000 | depth=12 | max queue size=330719 | num goal tests=780392 | fn=25
iter=42000 | depth=12 | max queue size=338677 | num goal tests=799336 | fn=25
iter=43000 | depth=12 | max queue size=346844 | num goal tests=818168 | fn=25
iter=44000 | depth=12 | max queue size=354611 | num goal tests=836780 | fn=25
iter=45000 | depth=12 | max queue size=362008 | num goal tests=855416 | fn=25
iter=46000 | depth=12 | max queue size=369501 | num goal tests=873828 | fn=25
iter=47000 | depth=12 | max queue size=377332 | num goal tests=892656 | fn=25
iter=48000 | depth=12 | max queue size=384915 | num goal tests=911624 | fn=25
iter=49000 | depth=12 | max queue size=392871 | num goal tests=930592 | fn=25
iter=50000 | depth=12 | max queue size=400619 | num goal tests=949560 | fn=25
iter=51000 | depth=12 | max queue size=408672 | num goal tests=968704 | fn=25
iter=52000 | depth=12 | max queue size=416089 | num goal tests=987644 | fn=25
iter=53000 | depth=12 | max queue size=423238 | num goal tests=1006248 | fn=25
iter=54000 | depth=13 | max queue size=430268 | num goal tests=1024996 | fn=25
iter=55000 | depth=13 | max queue size=437592 | num goal tests=1043900 | fn=25
iter=56000 | depth=13 | max queue size=445307 | num goal tests=1062940 | fn=25
iter=57000 | depth=13 | max queue size=453019 | num goal tests=1082000 | fn=25
iter=58000 | depth=15 | max queue size=460951 | num goal tests=1101092 | fn=25
iter=59000 | depth=15 | max queue size=468821 | num goal tests=1120188 | fn=25
iter=60000 | depth=15 | max queue size=475944 | num goal tests=1139092 | fn=25
iter=61000 | depth=15 | max queue size=483839 | num goal tests=1158176 | fn=25
iter=62000 | depth=15 | max queue size=491942 | num goal tests=1177000 | fn=25
iter=63000 | depth=15 | max queue size=500219 | num goal tests=1196152 | fn=25
iter=64000 | depth=15 | max queue size=508367 | num goal tests=1215004 | fn=25
iter=65000 | depth=15 | max queue size=516062 | num goal tests=1233744 | fn=25
iter=66000 | depth=15 | max queue size=523738 | num goal tests=1252584 | fn=25
iter=67000 | depth=15 | max queue size=531288 | num goal tests=1271720 | fn=25
iter=68000 | depth=15 | max queue size=538556 | num goal tests=1290380 | fn=25
iter=69000 | depth=15 | max queue size=546383 | num goal tests=1309504 | fn=25
iter=70000 | depth=15 | max queue size=553786 | num goal tests=1328424 | fn=25
iter=71000 | depth=15 | max queue size=561352 | num goal tests=1347308 | fn=25
iter=72000 | depth=15 | max queue size=568701 | num goal tests=1366224 | fn=25
iter=73000 | depth=15 | max queue size=576438 | num goal tests=1385392 | fn=25
iter=74000 | depth=15 | max queue size=584184 | num goal tests=1404532 | fn=25
iter=75000 | depth=15 | max queue size=592095 | num goal tests=1423712 | fn=25
iter=76000 | depth=15 | max queue size=599151 | num goal tests=1442628 | fn=25
iter=77000 | depth=15 | max queue size=606455 | num goal tests=1461564 | fn=25
iter=78000 | depth=15 | max queue size=613723 | num goal tests=1480248 | fn=25
iter=79000 | depth=15 | max queue size=621610 | num goal tests=1499384 | fn=25
iter=80000 | depth=15 | max queue size=628964 | num goal tests=1518264 | fn=25
iter=81000 | depth=15 | max queue size=636079 | num goal tests=1537204 | fn=25
iter=82000 | depth=15 | max queue size=643416 | num goal tests=1556116 | fn=25
iter=83000 | depth=15 | max queue size=650431 | num goal tests=1575176 | fn=25
iter=84000 | depth=15 | max queue size=657175 | num goal tests=1593880 | fn=25
iter=85000 | depth=15 | max queue size=663983 | num goal tests=1612596 | fn=25
iter=86000 | depth=15 | max queue size=670907 | num goal tests=1631532 | fn=25
iter=87000 | depth=15 | max queue size=677816 | num goal tests=1650340 | fn=25
iter=88000 | depth=15 | max queue size=684733 | num goal tests=1669320 | fn=25
iter=89000 | depth=15 | max queue size=692010 | num goal tests=1688256 | fn=25
iter=90000 | depth=15 | max queue size=698873 | num goal tests=1707552 | fn=25
iter=91000 | depth=15 | max queue size=705803 | num goal tests=1726692 | fn=25
iter=92000 | depth=15 | max queue size=712575 | num goal tests=1745908 | fn=25
iter=93000 | depth=15 | max queue size=718561 | num goal tests=1764860 | fn=25
iter=94000 | depth=15 | max queue size=724542 | num goal tests=1783664 | fn=25
iter=95000 | depth=15 | max queue size=731324 | num goal tests=1802532 | fn=25
iter=96000 | depth=15 | max queue size=737959 | num goal tests=1821580 | fn=25
iter=97000 | depth=15 | max queue size=744062 | num goal tests=1840716 | fn=25
iter=98000 | depth=15 | max queue size=750521 | num goal tests=1859744 | fn=25
iter=99000 | depth=15 | max queue size=756623 | num goal tests=1878672 | fn=25
Failure, max iterations reached | iter=100000 | depth=15 | max queue size=762450 | num goal tests=1897444
