iter=1000 | depth=8 | max queue size=2103 | num goal tests=5526 | fn=14
iter=2000 | depth=9 | max queue size=3971 | num goal tests=10874 | fn=15
iter=3000 | depth=9 | max queue size=5657 | num goal tests=16282 | fn=15
iter=4000 | depth=10 | max queue size=7397 | num goal tests=21682 | fn=16
iter=5000 | depth=10 | max queue size=9177 | num goal tests=27062 | fn=16
iter=6000 | depth=10 | max queue size=10946 | num goal tests=32428 | fn=16
iter=7000 | depth=11 | max queue size=12584 | num goal tests=37800 | fn=16
iter=8000 | depth=11 | max queue size=14101 | num goal tests=43226 | fn=16
iter=9000 | depth=11 | max queue size=15652 | num goal tests=48600 | fn=17
iter=10000 | depth=14 | max queue size=17460 | num goal tests=53974 | fn=17
iter=11000 | depth=14 | max queue size=19295 | num goal tests=59352 | fn=17
iter=12000 | depth=14 | max queue size=21182 | num goal tests=64808 | fn=17
iter=13000 | depth=14 | max queue size=22964 | num goal tests=70230 | fn=17
iter=14000 | depth=14 | max queue size=24596 | num goal tests=75648 | fn=17
iter=15000 | depth=14 | max queue size=26075 | num goal tests=80928 | fn=17
iter=16000 | depth=14 | max queue size=27673 | num goal tests=86270 | fn=17
iter=17000 | depth=14 | max queue size=29182 | num goal tests=91688 | fn=17
iter=18000 | depth=14 | max queue size=30583 | num goal tests=97046 | fn=17
iter=19000 | depth=14 | max queue size=31961 | num goal tests=102380 | fn=17
iter=20000 | depth=14 | max queue size=33174 | num goal tests=107644 | fn=17
iter=21000 | depth=14 | max queue size=34431 | num goal tests=112950 | fn=17
iter=22000 | depth=14 | max queue size=35891 | num goal tests=118306 | fn=18
iter=23000 | depth=15 | max queue size=37714 | num goal tests=123698 | fn=18
iter=24000 | depth=15 | max queue size=39487 | num goal tests=129070 | fn=18
iter=25000 | depth=15 | max queue size=41314 | num goal tests=134472 | fn=18
iter=26000 | depth=15 | max queue size=43026 | num goal tests=139876 | fn=18
iter=27000 | depth=15 | max queue size=44665 | num goal tests=145192 | fn=18
iter=28000 | depth=15 | max queue size=46389 | num goal tests=150546 | fn=18
iter=29000 | depth=15 | max queue size=48018 | num goal tests=155942 | fn=18
iter=30000 | depth=15 | max queue size=49578 | num goal tests=161306 | fn=18
iter=31000 | depth=15 | max queue size=51093 | num goal tests=166584 | fn=18
iter=32000 | depth=15 | max queue size=52536 | num goal tests=171830 | fn=18
iter=33000 | depth=15 | max queue size=54022 | num goal tests=177202 | fn=18
iter=34000 | depth=15 | max queue size=55527 | num goal tests=182538 | fn=18
iter=35000 | depth=15 | max queue size=57019 | num goal tests=187924 | fn=18
iter=36000 | depth=15 | max queue size=58447 | num goal tests=193262 | fn=18
iter=37000 | depth=15 | max queue size=59879 | num goal tests=198614 | fn=18
iter=38000 | depth=15 | max queue size=61298 | num goal tests=203894 | fn=18
iter=39000 | depth=15 | max queue size=62752 | num goal tests=209254 | fn=18
iter=40000 | depth=15 | max queue size=64129 | num goal tests=214604 | fn=18
iter=41000 | depth=15 | max queue size=65587 | num goal tests=220014 | fn=18
iter=42000 | depth=15 | max queue size=66926 | num goal tests=225378 | fn=18
iter=43000 | depth=15 | max queue size=68211 | num goal tests=230692 | fn=18
iter=44000 | depth=15 | max queue size=69487 | num goal tests=236052 | fn=18
iter=45000 | depth=15 | max queue size=70753 | num goal tests=241360 | fn=18
iter=46000 | depth=15 | max queue size=71957 | num goal tests=246616 | fn=18
iter=47000 | depth=15 | max queue size=73160 | num goal tests=251910 | fn=18
iter=48000 | depth=15 | max queue size=74551 | num goal tests=257296 | fn=18
iter=49000 | depth=15 | max queue size=75978 | num goal tests=262700 | fn=18
iter=50000 | depth=15 | max queue size=77321 | num goal tests=268098 | fn=18
iter=51000 | depth=15 | max queue size=78598 | num goal tests=273446 | fn=18
iter=52000 | depth=15 | max queue size=79931 | num goal tests=278852 | fn=18
iter=53000 | depth=15 | max queue size=81527 | num goal tests=284232 | fn=19
iter=54000 | depth=15 | max queue size=83260 | num goal tests=289554 | fn=19
iter=55000 | depth=16 | max queue size=84909 | num goal tests=294860 | fn=19
iter=56000 | depth=16 | max queue size=86514 | num goal tests=300168 | fn=19
iter=57000 | depth=16 | max queue size=88133 | num goal tests=305428 | fn=19
iter=58000 | depth=16 | max queue size=89818 | num goal tests=310824 | fn=19
iter=59000 | depth=16 | max queue size=91512 | num goal tests=316172 | fn=19
iter=60000 | depth=16 | max queue size=93218 | num goal tests=321560 | fn=19
iter=61000 | depth=16 | max queue size=94829 | num goal tests=326884 | fn=19
iter=62000 | depth=16 | max queue size=96491 | num goal tests=332194 | fn=19
iter=63000 | depth=16 | max queue size=98089 | num goal tests=337528 | fn=19
iter=64000 | depth=16 | max queue size=99629 | num goal tests=342780 | fn=19
iter=65000 | depth=16 | max queue size=101317 | num goal tests=348174 | fn=19
iter=66000 | depth=16 | max queue size=102872 | num goal tests=353526 | fn=19
iter=67000 | depth=16 | max queue size=104433 | num goal tests=358852 | fn=19
iter=68000 | depth=16 | max queue size=105896 | num goal tests=364202 | fn=19
iter=69000 | depth=16 | max queue size=107425 | num goal tests=369574 | fn=19
iter=70000 | depth=16 | max queue size=108884 | num goal tests=374858 | fn=19
iter=71000 | depth=16 | max queue size=110304 | num goal tests=380160 | fn=19
iter=72000 | depth=16 | max queue size=111890 | num goal tests=385528 | fn=19
iter=73000 | depth=16 | max queue size=113292 | num goal tests=390838 | fn=19
iter=74000 | depth=16 | max queue size=114751 | num goal tests=396148 | fn=19
iter=75000 | depth=16 | max queue size=116235 | num goal tests=401554 | fn=19
iter=76000 | depth=16 | max queue size=117639 | num goal tests=406838 | fn=19
iter=77000 | depth=16 | max queue size=119029 | num goal tests=412252 | fn=19
iter=78000 | depth=16 | max queue size=120492 | num goal tests=417544 | fn=19
iter=79000 | depth=16 | max queue size=121911 | num goal tests=422942 | fn=19
iter=80000 | depth=16 | max queue size=123306 | num goal tests=428314 | fn=19
iter=81000 | depth=16 | max queue size=124700 | num goal tests=433642 | fn=19
iter=82000 | depth=16 | max queue size=126128 | num goal tests=438998 | fn=19
iter=83000 | depth=16 | max queue size=127439 | num goal tests=444298 | fn=19
iter=84000 | depth=16 | max queue size=128872 | num goal tests=449656 | fn=19
iter=85000 | depth=16 | max queue size=130183 | num goal tests=455002 | fn=19
iter=86000 | depth=16 | max queue size=131518 | num goal tests=460312 | fn=19
iter=87000 | depth=16 | max queue size=132828 | num goal tests=465702 | fn=19
iter=88000 | depth=16 | max queue size=134021 | num goal tests=470978 | fn=19
iter=89000 | depth=16 | max queue size=135253 | num goal tests=476270 | fn=19
iter=90000 | depth=16 | max queue size=136577 | num goal tests=481674 | fn=19
iter=91000 | depth=16 | max queue size=137927 | num goal tests=487044 | fn=19
iter=92000 | depth=16 | max queue size=139167 | num goal tests=492390 | fn=19
iter=93000 | depth=16 | max queue size=140377 | num goal tests=497714 | fn=19
iter=94000 | depth=16 | max queue size=141655 | num goal tests=503044 | fn=19
iter=95000 | depth=16 | max queue size=142933 | num goal tests=508308 | fn=19
iter=96000 | depth=16 | max queue size=144161 | num goal tests=513610 | fn=19
iter=97000 | depth=16 | max queue size=145616 | num goal tests=518980 | fn=19
iter=98000 | depth=16 | max queue size=147035 | num goal tests=524360 | fn=19
iter=99000 | depth=16 | max queue size=148439 | num goal tests=529696 | fn=19
Failure, max iterations reached | iter=100000 | depth=16 | max queue size=149868 | num goal tests=534996
