iter=1000 | depth=9 | max queue size=2086 | num goal tests=5476 | fn=15
iter=2000 | depth=10 | max queue size=3942 | num goal tests=10890 | fn=16
iter=3000 | depth=10 | max queue size=5832 | num goal tests=16278 | fn=16
iter=4000 | depth=10 | max queue size=7584 | num goal tests=21674 | fn=16
iter=5000 | depth=10 | max queue size=9212 | num goal tests=27102 | fn=16
iter=6000 | depth=11 | max queue size=11003 | num goal tests=32410 | fn=17
iter=7000 | depth=11 | max queue size=12716 | num goal tests=37712 | fn=17
iter=8000 | depth=12 | max queue size=14524 | num goal tests=43106 | fn=17
iter=9000 | depth=12 | max queue size=16348 | num goal tests=48512 | fn=17
iter=10000 | depth=12 | max queue size=18014 | num goal tests=53874 | fn=17
iter=11000 | depth=12 | max queue size=19537 | num goal tests=59246 | fn=17
iter=12000 | depth=12 | max queue size=21209 | num goal tests=64716 | fn=17
iter=13000 | depth=12 | max queue size=22714 | num goal tests=70074 | fn=17
iter=14000 | depth=12 | max queue size=24222 | num goal tests=75368 | fn=17
iter=15000 | depth=12 | max queue size=25640 | num goal tests=80744 | fn=17
iter=16000 | depth=13 | max queue size=27270 | num goal tests=85934 | fn=18
iter=17000 | depth=13 | max queue size=28907 | num goal tests=91152 | fn=18
iter=18000 | depth=13 | max queue size=30581 | num goal tests=96408 | fn=18
iter=19000 | depth=13 | max queue size=32417 | num goal tests=101808 | fn=18
iter=20000 | depth=13 | max queue size=34124 | num goal tests=107166 | fn=18
iter=21000 | depth=14 | max queue size=35852 | num goal tests=112644 | fn=18
iter=22000 | depth=14 | max queue size=37544 | num goal tests=118148 | fn=18
iter=23000 | depth=14 | max queue size=39244 | num goal tests=123502 | fn=18
iter=24000 | depth=14 | max queue size=40800 | num goal tests=128722 | fn=18
iter=25000 | depth=14 | max queue size=42314 | num goal tests=133976 | fn=18
iter=26000 | depth=14 | max queue size=43831 | num goal tests=139230 | fn=18
iter=27000 | depth=14 | max queue size=45256 | num goal tests=144502 | fn=18
iter=28000 | depth=14 | max queue size=46796 | num goal tests=149854 | fn=18
iter=29000 | depth=14 | max queue size=48416 | num goal tests=155236 | fn=18
iter=30000 | depth=14 | max queue size=49946 | num goal tests=160644 | fn=18
iter=31000 | depth=14 | max queue size=51483 | num goal tests=166024 | fn=18
iter=32000 | depth=14 | max queue size=53030 | num goal tests=171408 | fn=18
iter=33000 | depth=14 | max queue size=54488 | num goal tests=176744 | fn=18
iter=34000 | depth=14 | max queue size=55867 | num goal tests=182082 | fn=18
iter=35000 | depth=14 | max queue size=57217 | num goal tests=187384 | fn=18
iter=36000 | depth=14 | max queue size=58693 | num goal tests=192802 | fn=18
iter=37000 | depth=14 | max queue size=59968 | num goal tests=198034 | fn=18
iter=38000 | depth=14 | max queue size=61316 | num goal tests=203384 | fn=18
iter=39000 | depth=14 | max queue size=62576 | num goal tests=208656 | fn=18
iter=40000 | depth=14 | max queue size=63852 | num goal tests=213962 | fn=18
iter=41000 | depth=14 | max queue size=65337 | num goal tests=219286 | fn=19
iter=42000 | depth=14 | max queue size=66976 | num goal tests=224438 | fn=19
iter=43000 | depth=14 | max queue size=68720 | num goal tests=229690 | fn=19
iter=44000 | depth=14 | max queue size=70375 | num goal tests=234806 | fn=19
iter=45000 | depth=14 | max queue size=71955 | num goal tests=240012 | fn=19
iter=46000 | depth=14 | max queue size=73603 | num goal tests=245214 | fn=19
iter=47000 | depth=14 | max queue size=75259 | num goal tests=250448 | fn=19
iter=48000 | depth=14 | max queue size=76854 | num goal tests=255656 | fn=19
iter=49000 | depth=14 | max queue size=78451 | num goal tests=260902 | fn=19
iter=50000 | depth=14 | max queue size=80043 | num goal tests=266128 | fn=19
iter=51000 | depth=14 | max queue size=81715 | num goal tests=271438 | fn=19
iter=52000 | depth=14 | max queue size=83309 | num goal tests=276704 | fn=19
iter=53000 | depth=14 | max queue size=84932 | num goal tests=282012 | fn=19
iter=54000 | depth=14 | max queue size=86456 | num goal tests=287278 | fn=19
iter=55000 | depth=14 | max queue size=88033 | num goal tests=292512 | fn=19
iter=56000 | depth=14 | max queue size=89589 | num goal tests=297754 | fn=19
iter=57000 | depth=14 | max queue size=91166 | num goal tests=303098 | fn=19
iter=58000 | depth=14 | max queue size=92714 | num goal tests=308356 | fn=19
iter=59000 | depth=15 | max queue size=94271 | num goal tests=313682 | fn=19
iter=60000 | depth=15 | max queue size=95727 | num goal tests=319018 | fn=19
iter=61000 | depth=15 | max queue size=97205 | num goal tests=324346 | fn=19
iter=62000 | depth=15 | max queue size=98602 | num goal tests=329608 | fn=19
iter=63000 | depth=15 | max queue size=100046 | num goal tests=334896 | fn=19
iter=64000 | depth=15 | max queue size=101516 | num goal tests=340222 | fn=19
iter=65000 | depth=15 | max queue size=102876 | num goal tests=345540 | fn=19
iter=66000 | depth=15 | max queue size=104359 | num goal tests=350884 | fn=19
iter=67000 | depth=15 | max queue size=106018 | num goal tests=356254 | fn=19
iter=68000 | depth=15 | max queue size=107547 | num goal tests=361550 | fn=19
iter=69000 | depth=15 | max queue size=109077 | num goal tests=366852 | fn=19
iter=70000 | depth=15 | max queue size=110536 | num goal tests=372202 | fn=19
iter=71000 | depth=16 | max queue size=112093 | num goal tests=377578 | fn=19
iter=72000 | depth=16 | max queue size=113569 | num goal tests=382832 | fn=19
iter=73000 | depth=16 | max queue size=115085 | num goal tests=388246 | fn=19
iter=74000 | depth=16 | max queue size=116637 | num goal tests=393658 | fn=19
iter=75000 | depth=16 | max queue size=118246 | num goal tests=399050 | fn=19
iter=76000 | depth=16 | max queue size=119663 | num goal tests=404402 | fn=19
iter=77000 | depth=19 | max queue size=121098 | num goal tests=409796 | fn=19
iter=78000 | depth=19 | max queue size=122466 | num goal tests=415100 | fn=19
iter=79000 | depth=19 | max queue size=123906 | num goal tests=420446 | fn=19
iter=80000 | depth=19 | max queue size=125312 | num goal tests=425908 | fn=19
iter=81000 | depth=19 | max queue size=126712 | num goal tests=431314 | fn=19
iter=82000 | depth=19 | max queue size=128145 | num goal tests=436758 | fn=19
iter=83000 | depth=19 | max queue size=129514 | num goal tests=442250 | fn=19
iter=84000 | depth=19 | max queue size=130945 | num goal tests=447750 | fn=19
iter=85000 | depth=19 | max queue size=132230 | num goal tests=453178 | fn=19
iter=86000 | depth=19 | max queue size=133503 | num goal tests=458486 | fn=19
iter=87000 | depth=19 | max queue size=134773 | num goal tests=463840 | fn=19
iter=88000 | depth=19 | max queue size=136063 | num goal tests=469240 | fn=19
iter=89000 | depth=19 | max queue size=137246 | num goal tests=474586 | fn=19
iter=90000 | depth=19 | max queue size=138460 | num goal tests=479998 | fn=19
iter=91000 | depth=19 | max queue size=139616 | num goal tests=485336 | fn=19
iter=92000 | depth=19 | max queue size=140826 | num goal tests=490644 | fn=19
iter=93000 | depth=19 | max queue size=142074 | num goal tests=496062 | fn=19
iter=94000 | depth=19 | max queue size=143182 | num goal tests=501274 | fn=19
iter=95000 | depth=19 | max queue size=144293 | num goal tests=506538 | fn=19
iter=96000 | depth=19 | max queue size=145467 | num goal tests=511856 | fn=19
iter=97000 | depth=19 | max queue size=146763 | num goal tests=517190 | fn=19
iter=98000 | depth=19 | max queue size=148150 | num goal tests=522586 | fn=19
iter=99000 | depth=19 | max queue size=149499 | num goal tests=527986 | fn=19
Failure, max iterations reached | iter=100000 | depth=19 | max queue size=150793 | num goal tests=533318
