iter=1000 | depth=8 | max queue size=2112 | num goal tests=5574 | fn=14
iter=2000 | depth=9 | max queue size=4038 | num goal tests=11124 | fn=14
iter=3000 | depth=10 | max queue size=6072 | num goal tests=16710 | fn=15
iter=4000 | depth=11 | max queue size=7891 | num goal tests=22212 | fn=15
iter=5000 | depth=11 | max queue size=9543 | num goal tests=27682 | fn=15
iter=6000 | depth=11 | max queue size=11283 | num goal tests=33144 | fn=16
iter=7000 | depth=12 | max queue size=13247 | num goal tests=38608 | fn=16
iter=8000 | depth=12 | max queue size=15156 | num goal tests=44122 | fn=16
iter=9000 | depth=12 | max queue size=16941 | num goal tests=49596 | fn=16
iter=10000 | depth=12 | max queue size=18672 | num goal tests=55080 | fn=16
iter=11000 | depth=12 | max queue size=20415 | num goal tests=60616 | fn=16
iter=12000 | depth=12 | max queue size=22015 | num goal tests=66080 | fn=16
iter=13000 | depth=14 | max queue size=23557 | num goal tests=71560 | fn=16
iter=14000 | depth=14 | max queue size=25113 | num goal tests=77086 | fn=16
iter=15000 | depth=14 | max queue size=26966 | num goal tests=82504 | fn=17
iter=16000 | depth=14 | max queue size=28742 | num goal tests=87954 | fn=17
iter=17000 | depth=14 | max queue size=30550 | num goal tests=93434 | fn=17
iter=18000 | depth=14 | max queue size=32397 | num goal tests=98976 | fn=17
iter=19000 | depth=14 | max queue size=34088 | num goal tests=104504 | fn=17
iter=20000 | depth=14 | max queue size=35695 | num goal tests=109906 | fn=17
iter=21000 | depth=14 | max queue size=37484 | num goal tests=115342 | fn=17
iter=22000 | depth=14 | max queue size=39373 | num goal tests=120844 | fn=17
iter=23000 | depth=14 | max queue size=41255 | num goal tests=126366 | fn=17
iter=24000 | depth=15 | max queue size=43060 | num goal tests=131882 | fn=17
iter=25000 | depth=15 | max queue size=44776 | num goal tests=137400 | fn=17
iter=26000 | depth=15 | max queue size=46496 | num goal tests=142982 | fn=17
iter=27000 | depth=15 | max queue size=48122 | num goal tests=148488 | fn=17
iter=28000 | depth=17 | max queue size=49752 | num goal tests=154028 | fn=17
iter=29000 | depth=17 | max queue size=51176 | num goal tests=159448 | fn=17
iter=30000 | depth=17 | max queue size=52574 | num goal tests=164876 | fn=17
iter=31000 | depth=17 | max queue size=53988 | num goal tests=170314 | fn=17
iter=32000 | depth=17 | max queue size=55397 | num goal tests=175752 | fn=17
iter=33000 | depth=17 | max queue size=56868 | num goal tests=181150 | fn=17
iter=34000 | depth=17 | max queue size=58306 | num goal tests=186682 | fn=17
iter=35000 | depth=17 | max queue size=59743 | num goal tests=192074 | fn=18
iter=36000 | depth=17 | max queue size=61593 | num goal tests=197592 | fn=18
iter=37000 | depth=17 | max queue size=63344 | num goal tests=203066 | fn=18
iter=38000 | depth=17 | max queue size=65179 | num goal tests=208568 | fn=18
iter=39000 | depth=17 | max queue size=66881 | num goal tests=214028 | fn=18
iter=40000 | depth=17 | max queue size=68686 | num goal tests=219538 | fn=18
iter=41000 | depth=17 | max queue size=70578 | num goal tests=225094 | fn=18
iter=42000 | depth=17 | max queue size=72441 | num goal tests=230536 | fn=18
iter=43000 | depth=17 | max queue size=74343 | num goal tests=236058 | fn=18
iter=44000 | depth=17 | max queue size=76270 | num goal tests=241632 | fn=18
iter=45000 | depth=17 | max queue size=78085 | num goal tests=247126 | fn=18
iter=46000 | depth=17 | max queue size=79836 | num goal tests=252614 | fn=18
iter=47000 | depth=17 | max queue size=81492 | num goal tests=258014 | fn=18
iter=48000 | depth=17 | max queue size=83205 | num goal tests=263556 | fn=18
iter=49000 | depth=17 | max queue size=84935 | num goal tests=269030 | fn=18
iter=50000 | depth=17 | max queue size=86558 | num goal tests=274468 | fn=18
iter=51000 | depth=17 | max queue size=88264 | num goal tests=279988 | fn=18
iter=52000 | depth=17 | max queue size=89840 | num goal tests=285434 | fn=18
iter=53000 | depth=17 | max queue size=91530 | num goal tests=290956 | fn=18
iter=54000 | depth=17 | max queue size=93170 | num goal tests=296368 | fn=18
iter=55000 | depth=17 | max queue size=94687 | num goal tests=301788 | fn=18
iter=56000 | depth=17 | max queue size=96277 | num goal tests=307248 | fn=18
iter=57000 | depth=17 | max queue size=97902 | num goal tests=312636 | fn=18
iter=58000 | depth=17 | max queue size=99457 | num goal tests=318090 | fn=18
iter=59000 | depth=17 | max queue size=101081 | num goal tests=323510 | fn=18
iter=60000 | depth=17 | max queue size=102664 | num goal tests=328962 | fn=18
iter=61000 | depth=17 | max queue size=104273 | num goal tests=334382 | fn=18
iter=62000 | depth=17 | max queue size=105886 | num goal tests=339888 | fn=18
iter=63000 | depth=17 | max queue size=107439 | num goal tests=345392 | fn=18
iter=64000 | depth=17 | max queue size=108949 | num goal tests=350844 | fn=18
iter=65000 | depth=17 | max queue size=110400 | num goal tests=356286 | fn=18
iter=66000 | depth=17 | max queue size=111827 | num goal tests=361786 | fn=18
iter=67000 | depth=17 | max queue size=113221 | num goal tests=367258 | fn=18
iter=68000 | depth=17 | max queue size=114618 | num goal tests=372730 | fn=18
iter=69000 | depth=17 | max queue size=115945 | num goal tests=378188 | fn=18
iter=70000 | depth=17 | max queue size=117254 | num goal tests=383546 | fn=18
iter=71000 | depth=17 | max queue size=118506 | num goal tests=388882 | fn=18
iter=72000 | depth=17 | max queue size=119818 | num goal tests=394254 | fn=18
iter=73000 | depth=17 | max queue size=121043 | num goal tests=399584 | fn=18
iter=74000 | depth=17 | max queue size=122332 | num goal tests=404912 | fn=18
iter=75000 | depth=17 | max queue size=123635 | num goal tests=410310 | fn=18
iter=76000 | depth=17 | max queue size=124957 | num goal tests=415640 | fn=18
iter=77000 | depth=17 | max queue size=126192 | num goal tests=421066 | fn=18
iter=78000 | depth=17 | max queue size=127303 | num goal tests=426424 | fn=18
iter=79000 | depth=17 | max queue size=128552 | num goal tests=431756 | fn=18
iter=80000 | depth=17 | max queue size=129813 | num goal tests=437168 | fn=18
iter=81000 | depth=17 | max queue size=130983 | num goal tests=442524 | fn=18
iter=82000 | depth=17 | max queue size=132096 | num goal tests=447832 | fn=18
iter=83000 | depth=17 | max queue size=133767 | num goal tests=453322 | fn=19
iter=84000 | depth=17 | max queue size=135661 | num goal tests=458796 | fn=19
iter=85000 | depth=17 | max queue size=137545 | num goal tests=464278 | fn=19
iter=86000 | depth=17 | max queue size=139419 | num goal tests=469726 | fn=19
iter=87000 | depth=17 | max queue size=141375 | num goal tests=475288 | fn=19
iter=88000 | depth=17 | max queue size=143221 | num goal tests=480812 | fn=19
iter=89000 | depth=17 | max queue size=145072 | num goal tests=486260 | fn=19
iter=90000 | depth=17 | max queue size=146897 | num goal tests=491730 | fn=19
iter=91000 | depth=17 | max queue size=148729 | num goal tests=497238 | fn=19
iter=92000 | depth=17 | max queue size=150546 | num goal tests=502744 | fn=19
iter=93000 | depth=17 | max queue size=152385 | num goal tests=508248 | fn=19
iter=94000 | depth=17 | max queue size=154162 | num goal tests=513652 | fn=19
iter=95000 | depth=17 | max queue size=155944 | num goal tests=519076 | fn=19
iter=96000 | depth=17 | max queue size=157688 | num goal tests=524550 | fn=19
iter=97000 | depth=17 | max queue size=159429 | num goal tests=530050 | fn=19
iter=98000 | depth=17 | max queue size=161248 | num goal tests=535562 | fn=19
iter=99000 | depth=17 | max queue size=162993 | num goal tests=541048 | fn=19
Failure, max iterations reached | iter=100000 | depth=17 | max queue size=164790 | num goal tests=546574
